// Jest Snapshot v1, https://goo.gl/fbAQLP

exports[`Popover Render should render 1`] = `
<DocumentFragment>
  .emotion-3 {
  color: rgb(40,42,43);
  font-size: 0.875rem;
  font-family: 'Whitney SSm A','Whitney SSm B','Helvetica Neue',Helvetica,Arial,sans-serif;
  line-height: 1.5rem;
  font-weight: 400;
}

.emotion-1 {
  position: relative;
  padding: 0.5rem 1rem;
  border-radius: 4px;
  font-size: 0.875rem;
  line-height: 1.5rem;
  -webkit-appearance: none;
  -moz-appearance: none;
  appearance: none;
  border: none;
  display: inline-block;
  outline: none;
  background: none;
  -webkit-transition: background-color 100ms ease-in,box-shadow 100ms ease-in;
  transition: background-color 100ms ease-in,box-shadow 100ms ease-in;
  font-family: 'Whitney SSm A','Whitney SSm B','Helvetica Neue',Helvetica,Arial,sans-serif;
  font-weight: 500;
  -webkit-text-decoration: none;
  text-decoration: none;
  cursor: pointer;
  color: rgb(255,255,255);
  background-color: rgb(2,122,197);
  box-shadow: inset 0 0 0 0.125rem rgb(2,122,197);
  width: auto;
}

.emotion-1::-moz-focus-inner {
  border: none;
}

.emotion-1:focus,
.emotion-1:active {
  box-shadow: 0 0 0 4px rgba(2,122,197,0.8);
}

.emotion-1:hover,
.emotion-1:focus,
.emotion-1:active {
  -webkit-text-decoration: none;
  text-decoration: none;
}

.emotion-1:hover,
.emotion-1:focus,
.emotion-1:active {
  color: rgb(255,255,255);
}

.emotion-1:hover {
  background-color: rgb(3,44,94);
  box-shadow: inset 0 0 0 0.125rem rgb(3,44,94);
}

.emotion-1:focus {
  background-color: rgb(2,122,197);
  box-shadow: inset 0 0 0 0.125rem rgb(3,44,94), 0 0 0 4px rgba(2,122,197,0.8);
}

.emotion-1:active {
  background-color: rgb(0,62,130);
  box-shadow: inset 0 0 0 0.125rem rgb(3,44,94), 0 0 0 4px rgba(2,122,197,0.8);
}

.emotion-0 {
  display: grid;
  grid-auto-flow: column;
  -webkit-column-gap: 0.25rem;
  column-gap: 0.25rem;
  -webkit-box-pack: center;
  -webkit-justify-content: center;
  -ms-flex-pack: center;
  justify-content: center;
  -webkit-align-items: center;
  -webkit-box-align: center;
  -ms-flex-align: center;
  align-items: center;
  vertical-align: middle;
  -webkit-text-decoration: inherit;
  text-decoration: inherit;
  opacity: 100%;
}

.emotion-2 {
  box-sizing: border-box;
  background-color: rgb(255,255,255);
  border-style: solid;
  border-width: 1px;
  border-color: rgb(228,231,233);
  border-radius: 4px;
  box-shadow: 0 2px 4px 0 rgba(40,42,43,0.3);
  max-width: 18.5rem;
  min-width: 18.5rem;
  z-index: 10;
}

.emotion-2:focus {
  outline: none;
}

<div
    class="emotion-3"
  >
    <button
      aria-busy="false"
      aria-controls="popover-example"
      aria-expanded="false"
      aria-haspopup="dialog"
      class="emotion-1"
      type="button"
    >
      <span
        class="emotion-0"
      >
        Open popover
      </span>
    </button>
    <div
      aria-label="Popover"
      class="emotion-2"
      data-dialog="true"
      hidden=""
      id="popover-example"
      role="dialog"
      style="display: none;"
      tabindex="0"
    >
      <div
        style="font-size: 1.5rem; width: 1em; height: 1em; pointer-events: none; bottom: 100%;"
      >
        <svg
          style="transform: rotateZ(360deg);"
          viewBox="0 0 30 30"
        >
          <path
            d="M23.7,27.1L17,19.9C16.5,19.3,15.8,19,15,19s-1.6,0.3-2.1,0.9l-6.6,7.2C5.3,28.1,3.4,29,2,29h26
        C26.7,29,24.6,28.1,23.7,27.1z"
            fill="rgb(255, 255, 255)"
            stroke="rgb(228, 231, 233)"
          />
          <path
            d="M23,27.8c1.1,1.2,3.4,2.2,5,2.2h2H0h2c1.7,0,3.9-1,5-2.2l6.6-7.2c0.7-0.8,2-0.8,2.7,0L23,27.8L23,27.8z"
            fill="rgb(255, 255, 255)"
          />
        </svg>
      </div>
      This is the Twilio styled popover that you can use in all your applications.
    </div>
  </div>
</DocumentFragment>
`;
